// Jest Snapshot v1, https://goo.gl/fbAQLP

exports[`render correctly 1`] = `
<Text>
  $25,000
   
</Text>
`;
